Microchip MPLAB XC8 Compiler V2.30

Linker command line:

-W-3 --edf=C:\Program Files\Microchip\xc8\v2.30\pic\dat\en_msgs.txt -cn \
  -h+dist/default/production\gradute_project.X.production.sym \
  --cmf=dist/default/production\gradute_project.X.production.cmf -z \
  -Q18F4620 -oC:\Users\moham\AppData\Local\Temp\sb04x2 \
  --defsym=__MPLAB_BUILD=1 \
  -Mdist/default/production/gradute_project.X.production.map -E1 \
  -ver=XC8 Compiler --acfsm=1493 -ASTACK=0176h-0F7Fh -pstack=STACK \
  -ACODE=00h-0FFFFh -ACONST=00h-0FFFFh -ASMALLCONST=01000h-010FFhx240 \
  -AMEDIUMCONST=01000h-0FFFFh -ACOMRAM=01h-07Fh -AABS1=00h-0F7Fh \
  -ABIGRAM=01h-0F7Fh -ARAM=080h-0FFh,0100h-01FFhx14,0F00h-0F7Fh \
  -ABANK0=080h-0FFh -ABANK1=0100h-01FFh -ABANK2=0200h-02FFh \
  -ABANK3=0300h-03FFh -ABANK4=0400h-04FFh -ABANK5=0500h-05FFh \
  -ABANK6=0600h-06FFh -ABANK7=0700h-07FFh -ABANK8=0800h-08FFh \
  -ABANK9=0900h-09FFh -ABANK10=0A00h-0AFFh -ABANK11=0B00h-0BFFh \
  -ABANK12=0C00h-0CFFh -ABANK13=0D00h-0DFFh -ABANK14=0E00h-0EFFh \
  -ABANK15=0F00h-0F7Fh -ASFR=0F80h-0FFFh -ACONFIG=0300000h-030000Dh \
  -AIDLOC=0200000h-0200007h -AEEDATA=0F00000h-0F003FFh -peeprom_data=EEDATA \
  -preset_vec=00h,intcode=08h,intcodelo,powerup,init -pramtop=01000h \
  -psmallconst=SMALLCONST -pmediumconst=MEDIUMCONST -pconst=CONST \
  -AFARRAM=00h-00h \
  -prdata=COMRAM,nvrram=COMRAM,nvbit=COMRAM,rbss=COMRAM,rbit=COMRAM \
  -pfarbss=FARRAM,fardata=FARRAM,nvFARRAM=FARRAM \
  -pintsave_regs=BIGRAM,bigbss=BIGRAM,bigdata=BIGRAM -pbss=RAM \
  -pidata=CODE,irdata=CODE,ibigdata=CODE,ifardata=CODE -prparam=COMRAM \
  C:\Users\moham\AppData\Local\Temp\sb04xd.o \
  dist/default/production\gradute_project.X.production.o 

Object code version is 3.11

Machine type is 18F4620



                Name                               Link     Load   Length Selector   Space Scale
C:\Users\moham\AppData\Local\Temp\sb04xd.o
                idloc                            200000   200000        8        0       5
                config                           300000   300000        E        0       4
                init                                  E        E        4        4       0
                reset_vec                             0        0        4        0       0
dist/default/production\gradute_project.X.production.o
                intcode                               8        8        6        4       0
                idloc                            200000   200000        8        0       5
                config                           300000   300000        E        0       4
                temp                                 7F       7F        1        1       1
                mediumconst                        FEB0     FEB0      150     7F58       0
                text52                             230C     230C       CA        4       0
                text51                             2D6E     2D6E       18        4       0
                text50                             2730     2730       72        4       0
                text49                             17B8     17B8      176        4       0
                text48                             1630     1630      188        4       0
                text47                             192E     192E      164        4       0
                text46                             2B7C     2B7C       40        4       0
                text45                             2DA0     2DA0        2     16CC       0
                text44                             2242     2242       CA        4       0
                text43                             2B38     2B38       44        4       0
                text42                             2BFA     2BFA       36        4       0
                text41                             23D6     23D6       C2        4       0
                text40                              D8A      D8A      2E0        4       0
                text39                             12BA     12BA      1BE        4       0
                text38                             280C     280C       64        4       0
                text37                             2980     2980       4E        4       0
                text36                             2926     2926       5A        4       0
                text35                             28CC     28CC       5A        4       0
                text34                             106A     106A      250        4       0
                text33                             1E44     1E44      12C        4       0
                text32                             2CC0     2CC0       30        4       0
                text31                             2C90     2C90       30        4       0
                text30                             2078     2078       EE        4       0
                text29                             2C60     2C60       30        4       0
                text28                             2D9E     2D9E        2     16CC       0
                text27                             2D90     2D90        4        4       0
                text26                             2D9C     2D9C        2     16CC       0
                text25                             2D9A     2D9A        2     16CC       0
                text24                             2D98     2D98        2     16CC       0
                intcode_body                       1BDC     1BDC      136        4       0
                text22                             260C     260C       B2        4       0
                text21                             2BBC     2BBC       3E        4       0
                text20                             2D48     2D48       26        4       0
                text19                             2AF4     2AF4       44        4       0
                text18                             1A92     1A92      14A        4       0
                text17                             1D12     1D12      132        4       0
                text16                             26BE     26BE       72        4       0
                text15                             2C30     2C30       30        4       0
                text14                             2D1C     2D1C       2C        4       0
                text13                             2AAE     2AAE       46        4       0
                text12                             2A1A     2A1A       4C        4       0
                text11                             2498     2498       C0        4       0
                text10                             2166     2166       DC        4       0
                text9                              2558     2558       B4        4       0
                text8                               52C      52C      4C2        4       0
                text7                               9EE      9EE      39C        4       0
                text6                              1F70     1F70      108        4       0
                text5                              1478     1478      1B8        4       0
                text4                                12       12      51A        4       0
                text3                              2A66     2A66       48        4       0
                text2                              2CF0     2CF0       2C        4       0
                text1                              2D86     2D86        A        4       0
                text0                              2870     2870       5C        4       0
                cstackCOMRAM                          1        1       79        1       1
                cstackBANK0                          80       80       4D       80       1
                cstackBANK1                         16C      16C        A      100       1
                dataBANK1                           100      100       4C      100       1
                bssBANK1                            14C      14C       20      100       1
                dataBANK0                            EE       EE        3       80       1
                bssBANK0                             CD       CD       21       80       1
                bssCOMRAM                            7A       7A        5        1       1
                cinit                              27A2     27A2       6A        4       0
                idataBANK1                         29CE     29CE       4C        4       0
                idataBANK0                         2D94     2D94        3        4       0

TOTAL           Name                               Link     Load   Length     Space
        CLASS   STACK          

        CLASS   CODE           
                intcode                               8        8        6         0
                init                                  E        E        4         0
                reset_vec                             0        0        4         0
                text52                             230C     230C       CA         0
                text51                             2D6E     2D6E       18         0
                text50                             2730     2730       72         0
                text49                             17B8     17B8      176         0
                text48                             1630     1630      188         0
                text47                             192E     192E      164         0
                text46                             2B7C     2B7C       40         0
                text45                             2DA0     2DA0        2         0
                text44                             2242     2242       CA         0
                text43                             2B38     2B38       44         0
                text42                             2BFA     2BFA       36         0
                text41                             23D6     23D6       C2         0
                text40                              D8A      D8A      2E0         0
                text39                             12BA     12BA      1BE         0
                text38                             280C     280C       64         0
                text37                             2980     2980       4E         0
                text36                             2926     2926       5A         0
                text35                             28CC     28CC       5A         0
                text34                             106A     106A      250         0
                text33                             1E44     1E44      12C         0
                text32                             2CC0     2CC0       30         0
                text31                             2C90     2C90       30         0
                text30                             2078     2078       EE         0
                text29                             2C60     2C60       30         0
                text28                             2D9E     2D9E        2         0
                text27                             2D90     2D90        4         0
                text26                             2D9C     2D9C        2         0
                text25                             2D9A     2D9A        2         0
                text24                             2D98     2D98        2         0
                intcode_body                       1BDC     1BDC      136         0
                text22                             260C     260C       B2         0
                text21                             2BBC     2BBC       3E         0
                text20                             2D48     2D48       26         0
                text19                             2AF4     2AF4       44         0
                text18                             1A92     1A92      14A         0
                text17                             1D12     1D12      132         0
                text16                             26BE     26BE       72         0
                text15                             2C30     2C30       30         0
                text14                             2D1C     2D1C       2C         0
                text13                             2AAE     2AAE       46         0
                text12                             2A1A     2A1A       4C         0
                text11                             2498     2498       C0         0
                text10                             2166     2166       DC         0
                text9                              2558     2558       B4         0
                text8                               52C      52C      4C2         0
                text7                               9EE      9EE      39C         0
                text6                              1F70     1F70      108         0
                text5                              1478     1478      1B8         0
                text4                                12       12      51A         0
                text3                              2A66     2A66       48         0
                text2                              2CF0     2CF0       2C         0
                text1                              2D86     2D86        A         0
                text0                              2870     2870       5C         0
                cinit                              27A2     27A2       6A         0
                idataBANK1                         29CE     29CE       4C         0
                idataBANK0                         2D94     2D94        3         0

        CLASS   CONST          

        CLASS   SMALLCONST     

        CLASS   MEDIUMCONST    
                mediumconst                        FEB0     FEB0      150         0

        CLASS   COMRAM         
                temp                                 7F       7F        1         1
                cstackCOMRAM                          1        1       79         1
                bssCOMRAM                            7A       7A        5         1

        CLASS   ABS1           

        CLASS   BIGRAM         

        CLASS   RAM            

        CLASS   BANK0          
                cstackBANK0                          80       80       4D         1
                dataBANK0                            EE       EE        3         1
                bssBANK0                             CD       CD       21         1

        CLASS   BANK1          
                cstackBANK1                         16C      16C        A         1
                dataBANK1                           100      100       4C         1
                bssBANK1                            14C      14C       20         1

        CLASS   BANK2          

        CLASS   BANK3          

        CLASS   BANK4          

        CLASS   BANK5          

        CLASS   BANK6          

        CLASS   BANK7          

        CLASS   BANK8          

        CLASS   BANK9          

        CLASS   BANK10         

        CLASS   BANK11         

        CLASS   BANK12         

        CLASS   BANK13         

        CLASS   BANK14         

        CLASS   BANK15         

        CLASS   SFR            

        CLASS   CONFIG         
                config                           300000   300000        E         4

        CLASS   IDLOC          
                idloc                            200000   200000        8         5

        CLASS   EEDATA         

        CLASS   FARRAM         



SEGMENTS        Name                           Load    Length   Top    Selector   Space  Class

                reset_vec                      000000  000004  000004         0       0  CODE    
                cstackCOMRAM                   000001  00007F  000080         1       1  COMRAM  
                intcode                        000008  002D8F  002D97         4       0  CODE    
                cstackBANK0                    000080  000071  0000F1        80       1  BANK0   
                dataBANK1                      000100  000076  000176       100       1  BANK1   
                text24                         002D98  00000A  002DA2      16CC       0  CODE    
                mediumconst                    00FEB0  000150  010000      7F58       0  MEDIUMCO


UNUSED ADDRESS RANGES

        Name                Unused          Largest block    Delta
        BANK0            0000F1-0000FF                F
        BANK1            000176-0001FF               8A
        BANK10           000A00-000AFF              100
        BANK11           000B00-000BFF              100
        BANK12           000C00-000CFF              100
        BANK13           000D00-000DFF              100
        BANK14           000E00-000EFF              100
        BANK15           000F00-000F7F               80
        BANK2            000200-0002FF              100
        BANK3            000300-0003FF              100
        BANK4            000400-0004FF              100
        BANK5            000500-0005FF              100
        BANK6            000600-0006FF              100
        BANK7            000700-0007FF              100
        BANK8            000800-0008FF              100
        BANK9            000900-0009FF              100
        BIGRAM           0000F1-0000FF                F
                         000176-000F7F              E0A
        CODE             000004-000007                4
                         002D97-002D97                1
                         002DA2-00FEAF             D10E
        CONST            000004-000007                4
                         002D97-002D97                1
                         002DA2-00FEAF             D10E
        EEDATA           F00000-F003FF              400
        MEDIUMCONST      002D97-002D97                1
                         002DA2-00FEAF             D10E
        RAM              0000F1-0000FF                F
                         000176-000F7F              100
        SFR              000F80-000FFF               80
        SMALLCONST       002D97-002D97                1
                         002DA2-00FEAF              100
        STACK            000176-000F7F              E0A

                                  Symbol Table

?___aodiv                                    cstackCOMRAM 000001
?___aomod                                    cstackCOMRAM 000001
?___fladd                                    cstackBANK0  0000B5
?___fldiv                                    cstackBANK0  00009C
?___fltol                                    cstackBANK0  00008E
?___xxtofl                                   cstackBANK0  00008E
?_abs                                        cstackCOMRAM 000013
?_dtoa                                       cstackCOMRAM 00001C
?_pad                                        cstackCOMRAM 000011
?_sprintf                                    cstackCOMRAM 000058
?_strlen                                     cstackCOMRAM 000001
?_vfpfcnvrt                                  cstackCOMRAM 000040
?_vfprintf                                   cstackCOMRAM 000050
ADC_DEFAULT_INTERRUPT_HANDLER@counter        cstackCOMRAM 000078
ADC_DEFAULT_INTERRUPT_HANDLER@ret            cstackCOMRAM 000079
ADC_Get_Conversion_Resulst@_adc              cstackCOMRAM 000001
ADC_Get_Conversion_Resulst@conversion_result cstackCOMRAM 000003
ADC_Get_Conversion_Resulst@ret               cstackCOMRAM 000008
ADC_Init@_adc                                cstackBANK0  000091
ADC_Init@ret                                 cstackBANK0  000094
ADC_Select_Channel@_adc                      cstackBANK0  000091
ADC_Select_Channel@_channel                  cstackBANK0  000093
ADC_Select_Channel@ret                       cstackBANK0  000095
ADC_Start_Conversion@_adc                    cstackBANK0  00008E
ADC_Start_Conversion@ret                     cstackBANK0  000090
ADC_Start_Conversion_Interrupt@_adc          cstackBANK0  000096
ADC_Start_Conversion_Interrupt@_channel      cstackBANK0  000098
ADC_Start_Conversion_Interrupt@ret           cstackBANK0  000099
EUSART_ASYNC_Init@_eusart                    cstackBANK0  0000C9
EUSART_ASYNC_RX_INIT@_eusart                 cstackBANK0  00008E
EUSART_ASYNC_TX_INIT@_eusart                 cstackBANK0  00008E
EUSART_ASYNC_WriteByteBlocking@_data         cstackCOMRAM 000002
EUSART_ASYNC_WriteStringBlocking@_data       cstackCOMRAM 000003
EUSART_ASYNC_WriteStringBlocking@count_str   cstackCOMRAM 000007
EUSART_ASYNC_WriteStringBlocking@ret         cstackCOMRAM 000009
EUSART_ASYNC_WriteStringBlocking@str_len     cstackCOMRAM 000005
EUSART_Baud_Rate_Calculation@Baud_Rate_Temp  cstackBANK1  00016C
EUSART_Baud_Rate_Calculation@_eusart         cstackBANK0  0000C5
_ADCON0bits                                  (abs)        000FC2
_ADCON1bits                                  (abs)        000FC1
_ADCON2bits                                  (abs)        000FC0
_ADC_DEFAULT_INTERRUPT_HANDLER               text30       002078
_ADC_Get_Conversion_Resulst                  text52       00230C
_ADC_ISR                                     text29       002C60
_ADC_Init                                    text11       002498
_ADC_Interrupt_handler                       bssBANK0     0000E5
_ADC_Select_Channel                          text21       002BBC
_ADC_Start_Conversion                        text20       002D48
_ADC_Start_Conversion_Interrupt              text19       002AF4
_ADRESH                                      (abs)        000FC4
_ADRESL                                      (abs)        000FC3
_BAUDCONbits                                 (abs)        000FB8
_EUSART_ASYNC_Init                           text3        002A66
_EUSART_ASYNC_RX_INIT                        text10       002166
_EUSART_ASYNC_TX_INIT                        text9        002558
_EUSART_ASYNC_WriteByteBlocking              text51       002D6E
_EUSART_ASYNC_WriteStringBlocking            text50       002730
_EUSART_Baud_Rate_Calculation                text4        000012
_EUSART_Baud_Rate_Calculation$3212           cstackBANK1  000170
_EUSART_RX_ISR                               text28       002D9E
_EUSART_TX_ISR                               text27       002D90
_EUSART_framming_error_handler               bssBANK0     0000D9
_EUSART_over_interrupt_handler               bssBANK0     0000D7
_EUSART_rx_interrupt_handler                 bssBANK0     0000DB
_EUSART_tx_interrupt_handler                 bssBANK0     0000DD
_INT0_ISR                                    text26       002D9C
_INT0_Interrupt_handler                      bssBANK0     0000E3
_INT1_ISR                                    text25       002D9A
_INT1_Interrupt_handler                      bssBANK0     0000E1
_INT2_ISR                                    text24       002D98
_INT2_Interrupt_handler                      bssBANK0     0000DF
_INTCON3bits                                 (abs)        000FF0
_INTCONbits                                  (abs)        000FF2
_Interrupt_manager_high                      intcode      000008
_LATA                                        (abs)        000F89
_LATB                                        (abs)        000F8A
_LATC                                        (abs)        000F8B
_LATD                                        (abs)        000F8C
_LATE                                        (abs)        000F8D
_PIE1bits                                    (abs)        000F9D
_PIR1bits                                    (abs)        000F9E
_PORTA                                       (abs)        000F80
_PORTB                                       (abs)        000F81
_PORTC                                       (abs)        000F82
_PORTD                                       (abs)        000F83
_PORTE                                       (abs)        000F84
_RCREG                                       (abs)        000FAE
_RCSTAbits                                   (abs)        000FAB
_SPBRG                                       (abs)        000FAF
_SPBRGH                                      (abs)        000FB0
_TRISA                                       (abs)        000F92
_TRISB                                       (abs)        000F93
_TRISC                                       (abs)        000F94
_TRISCbits                                   (abs)        000F94
_TRISD                                       (abs)        000F95
_TRISE                                       (abs)        000F96
_TXREG                                       (abs)        000FAD
_TXSTAbits                                   (abs)        000FAC
__HRAM                                       (abs)        000000
__Habs1                                      abs1         000000
__Hbank0                                     bank0        000000
__Hbank1                                     bank1        000000
__Hbank10                                    bank10       000000
__Hbank11                                    bank11       000000
__Hbank12                                    bank12       000000
__Hbank13                                    bank13       000000
__Hbank14                                    bank14       000000
__Hbank15                                    bank15       000000
__Hbank2                                     bank2        000000
__Hbank3                                     bank3        000000
__Hbank4                                     bank4        000000
__Hbank5                                     bank5        000000
__Hbank6                                     bank6        000000
__Hbank7                                     bank7        000000
__Hbank8                                     bank8        000000
__Hbank9                                     bank9        000000
__Hbigbss                                    bigbss       000000
__Hbigdata                                   bigdata      000000
__Hbigram                                    bigram       000000
__Hbss                                       bss          000000
__HbssBANK0                                  bssBANK0     000000
__HbssBANK1                                  bssBANK1     000000
__HbssCOMRAM                                 bssCOMRAM    000000
__Hcinit                                     cinit        000000
__Hclrtext                                   clrtext      000000
__Hcomram                                    comram       000000
__Hconfig                                    config       30000E
__Hconst                                     const        000000
__HcstackBANK0                               cstackBANK0  000000
__HcstackBANK1                               cstackBANK1  000000
__HcstackCOMRAM                              cstackCOMRAM 000000
__Hdata                                      data         000000
__HdataBANK0                                 dataBANK0    000000
__HdataBANK1                                 dataBANK1    000000
__Heeprom_data                               eeprom_data  000000
__Hfarbss                                    farbss       000000
__Hfardata                                   fardata      000000
__Hibigdata                                  ibigdata     000000
__Hidata                                     idata        000000
__HidataBANK0                                idataBANK0   000000
__HidataBANK1                                idataBANK1   000000
__Hidloc                                     idloc        200008
__Hifardata                                  ifardata     000000
__Hinit                                      init         000012
__Hintcode                                   intcode      00000E
__Hintcode_body                              intcode_body 000000
__Hintcodelo                                 intcodelo    00000E
__Hintentry                                  intentry     000000
__Hintret                                    intret       000000
__Hintsave_regs                              intsave_regs 000000
__Hirdata                                    irdata       000000
__Hmediumconst                               mediumconst  010000
__HnvFARRAM                                  nvFARRAM     000000
__Hnvbit                                     nvbit        000000
__Hnvrram                                    nvrram       000000
__Hparam                                     rparam       000000
__Hpowerup                                   powerup      00000E
__Hram                                       ram          000000
__Hramtop                                    ramtop       001000
__Hrbit                                      rbit         000000
__Hrbss                                      rbss         000000
__Hrdata                                     rdata        000000
__Hreset_vec                                 reset_vec    000004
__Hrparam                                    rparam       000000
__Hsfr                                       sfr          000000
__Hsmallconst                                smallconst   000000
__Hspace_0                                   (abs)        010000
__Hspace_1                                   (abs)        000176
__Hspace_2                                   (abs)        000000
__Hspace_4                                   (abs)        60000E
__Hstack                                     stack        000000
__Hstruct                                    struct       000000
__Htemp                                      temp         000080
__Htext                                      text         000000
__Htext0                                     text0        000000
__Htext1                                     text1        000000
__Htext10                                    text10       000000
__Htext11                                    text11       000000
__Htext12                                    text12       000000
__Htext13                                    text13       000000
__Htext14                                    text14       000000
__Htext15                                    text15       000000
__Htext16                                    text16       000000
__Htext17                                    text17       000000
__Htext18                                    text18       000000
__Htext19                                    text19       000000
__Htext2                                     text2        000000
__Htext20                                    text20       000000
__Htext21                                    text21       000000
__Htext22                                    text22       000000
__Htext24                                    text24       000000
__Htext25                                    text25       000000
__Htext26                                    text26       000000
__Htext27                                    text27       000000
__Htext28                                    text28       000000
__Htext29                                    text29       000000
__Htext3                                     text3        000000
__Htext30                                    text30       000000
__Htext31                                    text31       000000
__Htext32                                    text32       000000
__Htext33                                    text33       000000
__Htext34                                    text34       000000
__Htext35                                    text35       000000
__Htext36                                    text36       000000
__Htext37                                    text37       000000
__Htext38                                    text38       000000
__Htext39                                    text39       000000
__Htext4                                     text4        000000
__Htext40                                    text40       000000
__Htext41                                    text41       000000
__Htext42                                    text42       000000
__Htext43                                    text43       000000
__Htext44                                    text44       000000
__Htext45                                    text45       000000
__Htext46                                    text46       000000
__Htext47                                    text47       000000
__Htext48                                    text48       000000
__Htext49                                    text49       000000
__Htext5                                     text5        000000
__Htext50                                    text50       000000
__Htext51                                    text51       000000
__Htext52                                    text52       000000
__Htext53                                    text53       000000
__Htext6                                     text6        000000
__Htext7                                     text7        000000
__Htext8                                     text8        000000
__Htext9                                     text9        000000
__LRAM                                       (abs)        000001
__Labs1                                      abs1         000000
__Lbank0                                     bank0        000000
__Lbank1                                     bank1        000000
__Lbank10                                    bank10       000000
__Lbank11                                    bank11       000000
__Lbank12                                    bank12       000000
__Lbank13                                    bank13       000000
__Lbank14                                    bank14       000000
__Lbank15                                    bank15       000000
__Lbank2                                     bank2        000000
__Lbank3                                     bank3        000000
__Lbank4                                     bank4        000000
__Lbank5                                     bank5        000000
__Lbank6                                     bank6        000000
__Lbank7                                     bank7        000000
__Lbank8                                     bank8        000000
__Lbank9                                     bank9        000000
__Lbigbss                                    bigbss       000000
__Lbigdata                                   bigdata      000000
__Lbigram                                    bigram       000000
__Lbss                                       bss          000000
__LbssBANK0                                  bssBANK0     000000
__LbssBANK1                                  bssBANK1     000000
__LbssCOMRAM                                 bssCOMRAM    000000
__Lcinit                                     cinit        000000
__Lclrtext                                   clrtext      000000
__Lcomram                                    comram       000000
__Lconfig                                    config       000000
__Lconst                                     const        000000
__LcstackBANK0                               cstackBANK0  000000
__LcstackBANK1                               cstackBANK1  000000
__LcstackCOMRAM                              cstackCOMRAM 000000
__Ldata                                      data         000000
__LdataBANK0                                 dataBANK0    000000
__LdataBANK1                                 dataBANK1    000000
__Leeprom_data                               eeprom_data  000000
__Lfarbss                                    farbss       000000
__Lfardata                                   fardata      000000
__Libigdata                                  ibigdata     000000
__Lidata                                     idata        000000
__LidataBANK0                                idataBANK0   000000
__LidataBANK1                                idataBANK1   000000
__Lidloc                                     idloc        000000
__Lifardata                                  ifardata     000000
__Linit                                      init         00000E
__Lintcode                                   intcode      000008
__Lintcode_body                              intcode_body 000000
__Lintcodelo                                 intcodelo    00000E
__Lintentry                                  intentry     000000
__Lintret                                    intret       000000
__Lintsave_regs                              intsave_regs 000000
__Lirdata                                    irdata       000000
__Lmediumconst                               mediumconst  00FEB0
__LnvFARRAM                                  nvFARRAM     000000
__Lnvbit                                     nvbit        000000
__Lnvrram                                    nvrram       000000
__Lparam                                     rparam       000000
__Lpowerup                                   powerup      00000E
__Lram                                       ram          000000
__Lramtop                                    ramtop       001000
__Lrbit                                      rbit         000000
__Lrbss                                      rbss         000000
__Lrdata                                     rdata        000000
__Lreset_vec                                 reset_vec    000000
__Lrparam                                    rparam       000000
__Lsfr                                       sfr          000000
__Lsmallconst                                smallconst   000000
__Lspace_0                                   (abs)        000000
__Lspace_1                                   (abs)        000000
__Lspace_2                                   (abs)        000000
__Lspace_4                                   (abs)        000000
__Lstack                                     stack        000000
__Lstruct                                    struct       000000
__Ltemp                                      temp         00007F
__Ltext                                      text         000000
__Ltext0                                     text0        000000
__Ltext1                                     text1        000000
__Ltext10                                    text10       000000
__Ltext11                                    text11       000000
__Ltext12                                    text12       000000
__Ltext13                                    text13       000000
__Ltext14                                    text14       000000
__Ltext15                                    text15       000000
__Ltext16                                    text16       000000
__Ltext17                                    text17       000000
__Ltext18                                    text18       000000
__Ltext19                                    text19       000000
__Ltext2                                     text2        000000
__Ltext20                                    text20       000000
__Ltext21                                    text21       000000
__Ltext22                                    text22       000000
__Ltext24                                    text24       000000
__Ltext25                                    text25       000000
__Ltext26                                    text26       000000
__Ltext27                                    text27       000000
__Ltext28                                    text28       000000
__Ltext29                                    text29       000000
__Ltext3                                     text3        000000
__Ltext30                                    text30       000000
__Ltext31                                    text31       000000
__Ltext32                                    text32       000000
__Ltext33                                    text33       000000
__Ltext34                                    text34       000000
__Ltext35                                    text35       000000
__Ltext36                                    text36       000000
__Ltext37                                    text37       000000
__Ltext38                                    text38       000000
__Ltext39                                    text39       000000
__Ltext4                                     text4        000000
__Ltext40                                    text40       000000
__Ltext41                                    text41       000000
__Ltext42                                    text42       000000
__Ltext43                                    text43       000000
__Ltext44                                    text44       000000
__Ltext45                                    text45       000000
__Ltext46                                    text46       000000
__Ltext47                                    text47       000000
__Ltext48                                    text48       000000
__Ltext49                                    text49       000000
__Ltext5                                     text5        000000
__Ltext50                                    text50       000000
__Ltext51                                    text51       000000
__Ltext52                                    text52       000000
__Ltext53                                    text53       000000
__Ltext6                                     text6        000000
__Ltext7                                     text7        000000
__Ltext8                                     text8        000000
__Ltext9                                     text9        000000
__S0                                         (abs)        010000
__S1                                         (abs)        000176
__S2                                         (abs)        000000
__S4                                         (abs)        000000
__S5                                         (abs)        000000
___aodiv                                     text48       001630
___aodiv@counter                             cstackCOMRAM 000011
___aodiv@dividend                            cstackCOMRAM 000001
___aodiv@divisor                             cstackCOMRAM 000009
___aodiv@quotient                            cstackCOMRAM 000013
___aodiv@sign                                cstackCOMRAM 000012
___aomod                                     text47       00192E
___aomod@counter                             cstackCOMRAM 000011
___aomod@dividend                            cstackCOMRAM 000001
___aomod@divisor                             cstackCOMRAM 000009
___aomod@sign                                cstackCOMRAM 000012
___fladd                                     text8        00052C
___fladd@a                                   cstackBANK0  0000B9
___fladd@aexp                                cstackBANK0  0000C2
___fladd@b                                   cstackBANK0  0000B5
___fladd@bexp                                cstackBANK0  0000C3
___fladd@grs                                 cstackBANK0  0000C4
___fladd@signs                               cstackBANK0  0000C1
___fldiv                                     text7        0009EE
___fldiv@a                                   cstackBANK0  0000A0
___fldiv@aexp                                cstackBANK0  0000B4
___fldiv@b                                   cstackBANK0  00009C
___fldiv@bexp                                cstackBANK0  0000B3
___fldiv@grs                                 cstackBANK0  0000AF
___fldiv@new_exp                             cstackBANK0  0000AD
___fldiv@rem                                 cstackBANK0  0000A8
___fldiv@sign                                cstackBANK0  0000AC
___fltol                                     text6        001F70
___fltol@exp1                                cstackBANK0  000097
___fltol@f1                                  cstackBANK0  00008E
___fltol@sign1                               cstackBANK0  000096
___inthi_sp                                  stack        000000
___intlo_sp                                  stack        000000
___param_bank                                (abs)        000000
___rparam_used                               (abs)        000001
___sp                                        stack        000000
___xxtofl                                    text5        001478
___xxtofl@arg                                cstackBANK0  000098
___xxtofl@exp                                cstackBANK0  000097
___xxtofl@sign                               cstackBANK0  000096
___xxtofl@val                                cstackBANK0  00008E
__accesstop                                  (abs)        000080
__activetblptr                               (abs)        000003
__end_of_ADC_DEFAULT_INTERRUPT_HANDLER       text30       002166
__end_of_ADC_Get_Conversion_Resulst          text52       0023D6
__end_of_ADC_ISR                             text29       002C90
__end_of_ADC_Init                            text11       002558
__end_of_ADC_Select_Channel                  text21       002BFA
__end_of_ADC_Start_Conversion                text20       002D6E
__end_of_ADC_Start_Conversion_Interrupt      text19       002B38
__end_of_EUSART_ASYNC_Init                   text3        002AAE
__end_of_EUSART_ASYNC_RX_INIT                text10       002242
__end_of_EUSART_ASYNC_TX_INIT                text9        00260C
__end_of_EUSART_ASYNC_WriteByteBlocking      text51       002D86
__end_of_EUSART_ASYNC_WriteStringBlocking    text50       0027A2
__end_of_EUSART_Baud_Rate_Calculation        text4        00052C
__end_of_EUSART_RX_ISR                       text28       002DA0
__end_of_EUSART_TX_ISR                       text27       002D94
__end_of_INT0_ISR                            text26       002D9E
__end_of_INT1_ISR                            text25       002D9C
__end_of_INT2_ISR                            text24       002D9A
__end_of_Interrupt_manager_high              intcode_body 001D12
__end_of___aodiv                             text48       0017B8
__end_of___aomod                             text47       001A92
__end_of___fladd                             text8        0009EE
__end_of___fldiv                             text7        000D8A
__end_of___fltol                             text6        002078
__end_of___xxtofl                            text5        001630
__end_of__initialization                     cinit        002802
__end_of_abs                                 text46       002BBC
__end_of_adc_input_channel_port_configure    text22       0026BE
__end_of_convert_uint32_to_string            text36       002980
__end_of_convert_uint8_to_string             text35       002926
__end_of_dtoa                                text40       00106A
__end_of_ecu_layer_initialize                text14       002D48
__end_of_fputc                               text44       00230C
__end_of_fputs                               text43       002B7C
__end_of_gpio_pin_direction_initialize       text18       001BDC
__end_of_gpio_pin_initialize                 text16       002730
__end_of_gpio_pin_write_logic                text17       001E44
__end_of_gsm_send_data_to_server             text34       0012BA
__end_of_led_init                            text15       002C60
__end_of_led_off                             text32       002CF0
__end_of_led_on                              text31       002CC0
__end_of_main                                text0        0028CC
__end_of_mcal_layer_initialize               text2        002D1C
__end_of_memset                              text49       00192E
__end_of_pad                                 text41       002498
__end_of_project_initialize                  text1        002D90
__end_of_putch                               text45       002DA2
__end_of_select_result_format                text13       002AF4
__end_of_select_voltage_refrence             text12       002A66
__end_of_sprintf                             text37       0029CE
__end_of_strlen                              text42       002C30
__end_of_vfpfcnvrt                           text39       001478
__end_of_vfprintf                            text38       002870
__end_ofi2_gpio_pin_write_logic              text33       001F70
__initialization                             cinit        0027A2
__mediumconst                                mediumconst  00FEB0
__pbssBANK0                                  bssBANK0     0000CD
__pbssBANK1                                  bssBANK1     00014C
__pbssCOMRAM                                 bssCOMRAM    00007A
__pcinit                                     cinit        0027A2
__pcstackBANK0                               cstackBANK0  000080
__pcstackBANK1                               cstackBANK1  00016C
__pcstackCOMRAM                              cstackCOMRAM 000001
__pdataBANK0                                 dataBANK0    0000EE
__pdataBANK1                                 dataBANK1    000100
__pidataBANK0                                idataBANK0   002D94
__pidataBANK1                                idataBANK1   0029CE
__pintcode                                   intcode      000008
__pintcode_body                              intcode_body 001BDC
__pmediumconst                               mediumconst  00FEB0
__ptext0                                     text0        002870
__ptext1                                     text1        002D86
__ptext10                                    text10       002166
__ptext11                                    text11       002498
__ptext12                                    text12       002A1A
__ptext13                                    text13       002AAE
__ptext14                                    text14       002D1C
__ptext15                                    text15       002C30
__ptext16                                    text16       0026BE
__ptext17                                    text17       001D12
__ptext18                                    text18       001A92
__ptext19                                    text19       002AF4
__ptext2                                     text2        002CF0
__ptext20                                    text20       002D48
__ptext21                                    text21       002BBC
__ptext22                                    text22       00260C
__ptext24                                    text24       002D98
__ptext25                                    text25       002D9A
__ptext26                                    text26       002D9C
__ptext27                                    text27       002D90
__ptext28                                    text28       002D9E
__ptext29                                    text29       002C60
__ptext3                                     text3        002A66
__ptext30                                    text30       002078
__ptext31                                    text31       002C90
__ptext32                                    text32       002CC0
__ptext33                                    text33       001E44
__ptext34                                    text34       00106A
__ptext35                                    text35       0028CC
__ptext36                                    text36       002926
__ptext37                                    text37       002980
__ptext38                                    text38       00280C
__ptext39                                    text39       0012BA
__ptext4                                     text4        000012
__ptext40                                    text40       000D8A
__ptext41                                    text41       0023D6
__ptext42                                    text42       002BFA
__ptext43                                    text43       002B38
__ptext44                                    text44       002242
__ptext45                                    text45       002DA0
__ptext46                                    text46       002B7C
__ptext47                                    text47       00192E
__ptext48                                    text48       001630
__ptext49                                    text49       0017B8
__ptext5                                     text5        001478
__ptext50                                    text50       002730
__ptext51                                    text51       002D6E
__ptext52                                    text52       00230C
__ptext53                                    text53       000000
__ptext6                                     text6        001F70
__ptext7                                     text7        0009EE
__ptext8                                     text8        00052C
__ptext9                                     text9        002558
__ramtop                                     ramtop       001000
__size_of_ADC_DEFAULT_INTERRUPT_HANDLER      (abs)        000000
__size_of_ADC_Get_Conversion_Resulst         (abs)        000000
__size_of_ADC_ISR                            (abs)        000000
__size_of_ADC_Init                           (abs)        000000
__size_of_ADC_Select_Channel                 (abs)        000000
__size_of_ADC_Start_Conversion               (abs)        000000
__size_of_ADC_Start_Conversion_Interrupt     (abs)        000000
__size_of_EUSART_ASYNC_Init                  (abs)        000000
__size_of_EUSART_ASYNC_RX_INIT               (abs)        000000
__size_of_EUSART_ASYNC_TX_INIT               (abs)        000000
__size_of_EUSART_ASYNC_WriteByteBlocking     (abs)        000000
__size_of_EUSART_ASYNC_WriteStringBlocking   (abs)        000000
__size_of_EUSART_Baud_Rate_Calculation       (abs)        000000
__size_of_EUSART_RX_ISR                      (abs)        000000
__size_of_EUSART_TX_ISR                      (abs)        000000
__size_of_INT0_ISR                           (abs)        000000
__size_of_INT1_ISR                           (abs)        000000
__size_of_INT2_ISR                           (abs)        000000
__size_of_Interrupt_manager_high             (abs)        000000
__size_of___aodiv                            (abs)        000000
__size_of___aomod                            (abs)        000000
__size_of___fladd                            (abs)        000000
__size_of___fldiv                            (abs)        000000
__size_of___fltol                            (abs)        000000
__size_of___xxtofl                           (abs)        000000
__size_of_abs                                (abs)        000000
__size_of_adc_input_channel_port_configure   (abs)        000000
__size_of_convert_uint32_to_string           (abs)        000000
__size_of_convert_uint8_to_string            (abs)        000000
__size_of_dtoa                               (abs)        000000
__size_of_ecu_layer_initialize               (abs)        000000
__size_of_fputc                              (abs)        000000
__size_of_fputs                              (abs)        000000
__size_of_gpio_pin_direction_initialize      (abs)        000000
__size_of_gpio_pin_initialize                (abs)        000000
__size_of_gpio_pin_write_logic               (abs)        000000
__size_of_gsm_send_data_to_server            (abs)        000000
__size_of_led_init                           (abs)        000000
__size_of_led_off                            (abs)        000000
__size_of_led_on                             (abs)        000000
__size_of_main                               (abs)        000000
__size_of_mcal_layer_initialize              (abs)        000000
__size_of_memset                             (abs)        000000
__size_of_pad                                (abs)        000000
__size_of_project_initialize                 (abs)        000000
__size_of_putch                              (abs)        000000
__size_of_select_result_format               (abs)        000000
__size_of_select_voltage_refrence            (abs)        000000
__size_of_sprintf                            (abs)        000000
__size_of_strlen                             (abs)        000000
__size_of_vfpfcnvrt                          (abs)        000000
__size_of_vfprintf                           (abs)        000000
__size_ofi2_gpio_pin_write_logic             (abs)        000000
__smallconst                                 smallconst   000000
_abs                                         text46       002B7C
_adc_1                                       dataBANK1    000145
_adc_2                                       dataBANK1    00013E
_adc_flag                                    bssBANK0     0000E9
_adc_gas                                     bssBANK0     0000EC
_adc_heat                                    bssBANK0     0000EA
_adc_input_channel_port_configure            text22       00260C
_btn_values                                  dataBANK1    000100
_convert_uint32_to_string                    text36       002926
_convert_uint8_to_string                     text35       0028CC
_data                                        bssBANK0     0000D5
_dbuf                                        bssBANK1     00014C
_dc_pin_high                                 dataBANK0    0000F0
_dtoa                                        text40       000D8A
_dtoa$2797                                   cstackCOMRAM 00002E
_ecu_layer_initialize                        text14       002D1C
_flags                                       bssCOMRAM    00007A
_fputc                                       text44       002242
_fputs                                       text43       002B38
_gpio_pin_direction_initialize               text18       001A92
_gpio_pin_initialize                         text16       0026BE
_gpio_pin_write_logic                        text17       001D12
_gsm_send_data_to_server                     text34       00106A
_lat_registers                               dataBANK1    00011A
_led_1                                       dataBANK0    0000EE
_led_init                                    text15       002C30
_led_off                                     text32       002CC0
_led_on                                      text31       002C90
_main                                        text0        002870
_mcal_layer_initialize                       text2        002CF0
_memset                                      text49       0017B8
_nout                                        bssBANK0     0000CD
_pad                                         text41       0023D6
_port_registers                              dataBANK1    000110
_prec                                        bssBANK0     0000D1
_project_initialize                          text1        002D86
_putch                                       text45       002DA0
_rec_eusart                                  bssBANK0     0000E8
_select_result_format                        text13       002AAE
_select_voltage_refrence                     text12       002A1A
_solenoid_pin_high                           dataBANK0    0000EF
_sprintf                                     text37       002980
_str                                         bssBANK0     0000E7
_strlen                                      text42       002BFA
_tris_registers                              dataBANK1    000124
_usart_interrupt_obj                         dataBANK1    00012E
_usart_rx_read                               bssBANK0     0000D3
_vfpfcnvrt                                   text39       0012BA
_vfprintf                                    text38       00280C
_width                                       bssBANK0     0000CF
abs@a                                        cstackCOMRAM 000013
adc_input_channel_port_configure@_channel    cstackBANK0  000090
btemp                                        temp         00007F
convert_uint32_to_string@ret                 cstackCOMRAM 00006C
convert_uint32_to_string@str                 cstackCOMRAM 00006A
convert_uint32_to_string@value               cstackCOMRAM 000068
convert_uint8_to_string@ret                  cstackCOMRAM 00006B
convert_uint8_to_string@str                  cstackCOMRAM 000068
convert_uint8_to_string@value                cstackCOMRAM 00006A
dtoa@d                                       cstackCOMRAM 00001E
dtoa@fp                                      cstackCOMRAM 00001C
dtoa@i                                       cstackCOMRAM 00003E
dtoa@n                                       cstackCOMRAM 000036
dtoa@p                                       cstackCOMRAM 000030
dtoa@s                                       cstackCOMRAM 000034
dtoa@w                                       cstackCOMRAM 000032
end_of_initialization                        cinit        002802
fputc@c                                      cstackCOMRAM 000001
fputc@fp                                     cstackCOMRAM 000003
fputs@c                                      cstackCOMRAM 00000E
fputs@fp                                     cstackCOMRAM 00000C
fputs@i                                      cstackCOMRAM 00000F
fputs@s                                      cstackCOMRAM 00000A
gpio_pin_direction_initialize@pin_config     cstackBANK0  00008E
gpio_pin_direction_initialize@ret            cstackBANK0  000096
gpio_pin_initialize@pin_config               cstackBANK0  000098
gpio_pin_initialize@ret                      cstackBANK0  00009B
gpio_pin_write_logic@logic                   cstackBANK0  000090
gpio_pin_write_logic@pin_config              cstackBANK0  00008E
gpio_pin_write_logic@ret                     cstackBANK0  000097
gsm_send_data_to_server@Gas                  cstackCOMRAM 000074
gsm_send_data_to_server@Heat                 cstackCOMRAM 000076
gsm_send_data_to_server@data_gas             cstackCOMRAM 00006D
gsm_send_data_to_server@data_heat            cstackCOMRAM 00006F
gsm_send_data_to_server@ret                  cstackCOMRAM 000073
i2_gpio_pin_write_logic                      text33       001E44
i2gpio_pin_write_logic@logic                 cstackCOMRAM 000003
i2gpio_pin_write_logic@pin_config            cstackCOMRAM 000001
i2gpio_pin_write_logic@ret                   cstackCOMRAM 00000A
int$flags                                    temp         00007F
int_func                                     intcode_body 001BDC
intlevel0                                    text         000000
intlevel1                                    text         000000
intlevel2                                    text         000000
intlevel3                                    text         000000
led_init@_led                                cstackBANK0  00009C
led_init@ret                                 cstackBANK0  00009E
led_off@_led                                 cstackCOMRAM 00000B
led_off@ret                                  cstackCOMRAM 00000D
led_on@_led                                  cstackCOMRAM 00000B
led_on@ret                                   cstackCOMRAM 00000D
memset@c                                     cstackCOMRAM 000003
memset@dest                                  cstackCOMRAM 000001
memset@k                                     cstackCOMRAM 000009
memset@n                                     cstackCOMRAM 000005
memset@s                                     cstackCOMRAM 00000B
pad@buf                                      cstackCOMRAM 000013
pad@fp                                       cstackCOMRAM 000011
pad@i                                        cstackCOMRAM 000018
pad@p                                        cstackCOMRAM 000015
pad@w                                        cstackCOMRAM 00001A
relay_initialization@F2998                   bssCOMRAM    00007E
relay_turn_off@F3008                         bssCOMRAM    00007C
relay_turn_on@F3003                          bssCOMRAM    00007D
select_result_format@_adc                    cstackBANK0  00008E
select_voltage_refrence@_adc                 cstackBANK0  00008E
sprintf@ap                                   cstackCOMRAM 000060
sprintf@f                                    cstackCOMRAM 000062
sprintf@fmt                                  cstackCOMRAM 00005A
sprintf@s                                    cstackCOMRAM 000058
stackhi                                      (abs)        000F7F
stacklo                                      (abs)        000176
start                                        init         00000E
start_initialization                         cinit        0027A2
strlen@a                                     cstackCOMRAM 000003
strlen@s                                     cstackCOMRAM 000001
ttemp5                                       temp         000080
ttemp6                                       temp         000083
ttemp7                                       temp         000087
vfpfcnvrt@ap                                 cstackCOMRAM 000044
vfpfcnvrt@fmt                                cstackCOMRAM 000042
vfpfcnvrt@fp                                 cstackCOMRAM 000040
vfpfcnvrt@ll                                 cstackCOMRAM 000048
vfprintf@ap                                  cstackCOMRAM 000054
vfprintf@cfmt                                cstackCOMRAM 000056
vfprintf@fmt                                 cstackCOMRAM 000052
vfprintf@fp                                  cstackCOMRAM 000050
wtemp8                                       temp         000080


FUNCTION INFORMATION:

 *************** function _main *****************
 Defined at:
		line 15 in file "project.c"
 Parameters:    Size  Location     Type
		None
 Auto vars:     Size  Location     Type
  ret             1    0        unsigned char 
 Return value:  Size  Location     Type
                  2  961[None  ] int 
 Registers used:
		wreg, fsr2l, fsr2h, status,2, status,0, prodl, prodh, cstack
 Tracked objects:
		On entry : 
		On exit  : 
		Unchanged: 
 Data sizes:     COMRAM   BANK0   BANK1   BANK2   BANK3   BANK4   BANK5   BANK6   BANK7   BANK8   BANK9  BANK10  BANK11  BANK12  BANK13  BANK14  BANK15
      Params:         0       0       0       0       0       0       0       0       0       0       0       0       0       0       0       0       0
      Locals:         0       1       0       0       0       0       0       0       0       0       0       0       0       0       0       0       0
      Temps:          0       0       2       0       0       0       0       0       0       0       0       0       0       0       0       0       0
      Totals:         0       1       2       0       0       0       0       0       0       0       0       0       0       0       0       0       0
Total ram usage:        3 bytes
 Hardware stack levels required when called:   18
 This function calls:
		_ADC_Start_Conversion_Interrupt
		_gpio_pin_write_logic
		_project_initialize
 This function is called by:
		Startup code after reset
 This function uses a non-reentrant model


 *************** function _project_initialize *****************
 Defined at:
		line 31 in file "project.c"
 Parameters:    Size  Location     Type
		None
 Auto vars:     Size  Location     Type
		None
 Return value:  Size  Location     Type
                  1    wreg      void 
 Registers used:
		wreg, fsr2l, fsr2h, status,2, status,0, prodl, prodh, cstack
 Tracked objects:
		On entry : 
		On exit  : 
		Unchanged: 
 Data sizes:     COMRAM   BANK0   BANK1   BANK2   BANK3   BANK4   BANK5   BANK6   BANK7   BANK8   BANK9  BANK10  BANK11  BANK12  BANK13  BANK14  BANK15
      Params:         0       0       0       0       0       0       0       0       0       0       0       0       0       0       0       0       0
      Locals:         0       0       0       0       0       0       0       0       0       0       0       0       0       0       0       0       0
      Temps:          0       0       0       0       0       0       0       0       0       0       0       0       0       0       0       0       0
      Totals:         0       0       0       0       0       0       0       0       0       0       0       0       0       0       0       0       0
Total ram usage:        0 bytes
 Hardware stack levels used:    1
 Hardware stack levels required when called:   17
 This function calls:
		_ecu_layer_initialize
		_mcal_layer_initialize
 This function is called by:
		_main
 This function uses a non-reentrant model


 *************** function _mcal_layer_initialize *****************
 Defined at:
		line 55 in file "MCAL_LAYER/Mcal_init.c"
 Parameters:    Size  Location     Type
		None
 Auto vars:     Size  Location     Type
  ret             1    0        unsigned char 
 Return value:  Size  Location     Type
                  1    wreg      void 
 Registers used:
		wreg, fsr2l, fsr2h, status,2, status,0, cstack
 Tracked objects:
		On entry : 
		On exit  : 
		Unchanged: 
 Data sizes:     COMRAM   BANK0   BANK1   BANK2   BANK3   BANK4   BANK5   BANK6   BANK7   BANK8   BANK9  BANK10  BANK11  BANK12  BANK13  BANK14  BANK15
      Params:         0       0       0       0       0       0       0       0       0       0       0       0       0       0       0       0       0
      Locals:         0       1       0       0       0       0       0       0       0       0       0       0       0       0       0       0       0
      Temps:          0       0       0       0       0       0       0       0       0       0       0       0       0       0       0       0       0
      Totals:         0       1       0       0       0       0       0       0       0       0       0       0       0       0       0       0       0
Total ram usage:        1 bytes
 Hardware stack levels used:    1
 Hardware stack levels required when called:   16
 This function calls:
		_ADC_Init
		_EUSART_ASYNC_Init
 This function is called by:
		_project_initialize
 This function uses a non-reentrant model


 *************** function _EUSART_ASYNC_Init *****************
 Defined at:
		line 33 in file "MCAL_LAYER/USART/hal_USART.c"
 Parameters:    Size  Location     Type
  _eusart         2   73[BANK0 ] PTR const struct .
		 -> usart_interrupt_obj(16), 
 Auto vars:     Size  Location     Type
  ret             1    0        unsigned char 
 Return value:  Size  Location     Type
                  1    wreg      unsigned char 
 Registers used:
		wreg, fsr2l, fsr2h, status,2, status,0, cstack
 Tracked objects:
		On entry : 
		On exit  : 
		Unchanged: 
 Data sizes:     COMRAM   BANK0   BANK1   BANK2   BANK3   BANK4   BANK5   BANK6   BANK7   BANK8   BANK9  BANK10  BANK11  BANK12  BANK13  BANK14  BANK15
      Params:         0       2       0       0       0       0       0       0       0       0       0       0       0       0       0       0       0
      Locals:         0       1       0       0       0       0       0       0       0       0       0       0       0       0       0       0       0
      Temps:          0       0       0       0       0       0       0       0       0       0       0       0       0       0       0       0       0
      Totals:         0       3       0       0       0       0       0       0       0       0       0       0       0       0       0       0       0
Total ram usage:        3 bytes
 Hardware stack levels used:    1
 Hardware stack levels required when called:   15
 This function calls:
		_EUSART_ASYNC_RX_INIT
		_EUSART_ASYNC_TX_INIT
		_EUSART_Baud_Rate_Calculation
 This function is called by:
		_mcal_layer_initialize
 This function uses a non-reentrant model


 *************** function _EUSART_Baud_Rate_Calculation *****************
 Defined at:
		line 209 in file "MCAL_LAYER/USART/hal_USART.c"
 Parameters:    Size  Location     Type
  _eusart         2   69[BANK0 ] PTR const struct .
		 -> usart_interrupt_obj(16), 
 Auto vars:     Size  Location     Type
  Baud_Rate_Te    4    0[BANK1 ] float 
 Return value:  Size  Location     Type
                  1    wreg      void 
 Registers used:
		wreg, fsr2l, fsr2h, status,2, status,0, cstack
 Tracked objects:
		On entry : 
		On exit  : 
		Unchanged: 
 Data sizes:     COMRAM   BANK0   BANK1   BANK2   BANK3   BANK4   BANK5   BANK6   BANK7   BANK8   BANK9  BANK10  BANK11  BANK12  BANK13  BANK14  BANK15
      Params:         0       2       0       0       0       0       0       0       0       0       0       0       0       0       0       0       0
      Locals:         0       0       8       0       0       0       0       0       0       0       0       0       0       0       0       0       0
      Temps:          0       2       0       0       0       0       0       0       0       0       0       0       0       0       0       0       0
      Totals:         0       4       8       0       0       0       0       0       0       0       0       0       0       0       0       0       0
Total ram usage:       12 bytes
 Hardware stack levels used:    1
 Hardware stack levels required when called:   14
 This function calls:
		___fladd
		___fldiv
		___fltol
		___xxtofl
 This function is called by:
		_EUSART_ASYNC_Init
 This function uses a non-reentrant model


 *************** function ___xxtofl *****************
 Defined at:
		line 10 in file "C:\Program Files\Microchip\xc8\v2.30\pic\sources\c99\common\xxtofl.c"
 Parameters:    Size  Location     Type
  sign            1    wreg     unsigned char 
  val             4   14[BANK0 ] long 
 Auto vars:     Size  Location     Type
  sign            1   22[BANK0 ] unsigned char 
  arg             4   24[BANK0 ] unsigned long 
  exp             1   23[BANK0 ] unsigned char 
 Return value:  Size  Location     Type
                  4   14[BANK0 ] unsigned char 
 Registers used:
		wreg, status,2, status,0
 Tracked objects:
		On entry : 
		On exit  : 
		Unchanged: 
 Data sizes:     COMRAM   BANK0   BANK1   BANK2   BANK3   BANK4   BANK5   BANK6   BANK7   BANK8   BANK9  BANK10  BANK11  BANK12  BANK13  BANK14  BANK15
      Params:         0       4       0       0       0       0       0       0       0       0       0       0       0       0       0       0       0
      Locals:         0       6       0       0       0       0       0       0       0       0       0       0       0       0       0       0       0
      Temps:          0       4       0       0       0       0       0       0       0       0       0       0       0       0       0       0       0
      Totals:         0      14       0       0       0       0       0       0       0       0       0       0       0       0       0       0       0
Total ram usage:       14 bytes
 Hardware stack levels used:    1
 Hardware stack levels required when called:   13
 This function calls:
		Nothing
 This function is called by:
		_EUSART_Baud_Rate_Calculation
 This function uses a non-reentrant model


 *************** function ___fltol *****************
 Defined at:
		line 43 in file "C:\Program Files\Microchip\xc8\v2.30\pic\sources\c99\common\fltol.c"
 Parameters:    Size  Location     Type
  f1              4   14[BANK0 ] unsigned char 
 Auto vars:     Size  Location     Type
  exp1            1   23[BANK0 ] unsigned char 
  sign1           1   22[BANK0 ] unsigned char 
 Return value:  Size  Location     Type
                  4   14[BANK0 ] long 
 Registers used:
		wreg, status,2, status,0
 Tracked objects:
		On entry : 
		On exit  : 
		Unchanged: 
 Data sizes:     COMRAM   BANK0   BANK1   BANK2   BANK3   BANK4   BANK5   BANK6   BANK7   BANK8   BANK9  BANK10  BANK11  BANK12  BANK13  BANK14  BANK15
      Params:         0       4       0       0       0       0       0       0       0       0       0       0       0       0       0       0       0
      Locals:         0       2       0       0       0       0       0       0       0       0       0       0       0       0       0       0       0
      Temps:          0       4       0       0       0       0       0       0       0       0       0       0       0       0       0       0       0
      Totals:         0      10       0       0       0       0       0       0       0       0       0       0       0       0       0       0       0
Total ram usage:       10 bytes
 Hardware stack levels used:    1
 Hardware stack levels required when called:   13
 This function calls:
		Nothing
 This function is called by:
		_EUSART_Baud_Rate_Calculation
 This function uses a non-reentrant model


 *************** function ___fldiv *****************
 Defined at:
		line 11 in file "C:\Program Files\Microchip\xc8\v2.30\pic\sources\c99\common\sprcdiv.c"
 Parameters:    Size  Location     Type
  b               4   28[BANK0 ] long 
  a               4   32[BANK0 ] long 
 Auto vars:     Size  Location     Type
  grs             4   47[BANK0 ] unsigned long 
  rem             4   40[BANK0 ] unsigned long 
  new_exp         2   45[BANK0 ] short 
  aexp            1   52[BANK0 ] unsigned char 
  bexp            1   51[BANK0 ] unsigned char 
  sign            1   44[BANK0 ] unsigned char 
 Return value:  Size  Location     Type
                  4   28[BANK0 ] unsigned char 
 Registers used:
		wreg, status,2, status,0
 Tracked objects:
		On entry : 
		On exit  : 
		Unchanged: 
 Data sizes:     COMRAM   BANK0   BANK1   BANK2   BANK3   BANK4   BANK5   BANK6   BANK7   BANK8   BANK9  BANK10  BANK11  BANK12  BANK13  BANK14  BANK15
      Params:         0       8       0       0       0       0       0       0       0       0       0       0       0       0       0       0       0
      Locals:         0      13       0       0       0       0       0       0       0       0       0       0       0       0       0       0       0
      Temps:          0       4       0       0       0       0       0       0       0       0       0       0       0       0       0       0       0
      Totals:         0      25       0       0       0       0       0       0       0       0       0       0       0       0       0       0       0
Total ram usage:       25 bytes
 Hardware stack levels used:    1
 Hardware stack levels required when called:   13
 This function calls:
		Nothing
 This function is called by:
		_EUSART_Baud_Rate_Calculation
 This function uses a non-reentrant model


 *************** function ___fladd *****************
 Defined at:
		line 10 in file "C:\Program Files\Microchip\xc8\v2.30\pic\sources\c99\common\sprcadd.c"
 Parameters:    Size  Location     Type
  b               4   53[BANK0 ] unsigned char 
  a               4   57[BANK0 ] unsigned char 
 Auto vars:     Size  Location     Type
  grs             1   68[BANK0 ] unsigned char 
  bexp            1   67[BANK0 ] unsigned char 
  aexp            1   66[BANK0 ] unsigned char 
  signs           1   65[BANK0 ] unsigned char 
 Return value:  Size  Location     Type
                  4   53[BANK0 ] unsigned char 
 Registers used:
		wreg, status,2, status,0
 Tracked objects:
		On entry : 
		On exit  : 
		Unchanged: 
 Data sizes:     COMRAM   BANK0   BANK1   BANK2   BANK3   BANK4   BANK5   BANK6   BANK7   BANK8   BANK9  BANK10  BANK11  BANK12  BANK13  BANK14  BANK15
      Params:         0       8       0       0       0       0       0       0       0       0       0       0       0       0       0       0       0
      Locals:         0       4       0       0       0       0       0       0       0       0       0       0       0       0       0       0       0
      Temps:          0       4       0       0       0       0       0       0       0       0       0       0       0       0       0       0       0
      Totals:         0      16       0       0       0       0       0       0       0       0       0       0       0       0       0       0       0
Total ram usage:       16 bytes
 Hardware stack levels used:    1
 Hardware stack levels required when called:   13
 This function calls:
		Nothing
 This function is called by:
		_EUSART_Baud_Rate_Calculation
 This function uses a non-reentrant model


 *************** function _EUSART_ASYNC_TX_INIT *****************
 Defined at:
		line 257 in file "MCAL_LAYER/USART/hal_USART.c"
 Parameters:    Size  Location     Type
  _eusart         2   14[BANK0 ] PTR const struct .
		 -> usart_interrupt_obj(16), 
 Auto vars:     Size  Location     Type
		None
 Return value:  Size  Location     Type
[...]
      Params:         4       0       0       0       0       0       0       0       0       0       0       0       0       0       0       0       0
      Locals:         0       0       0       0       0       0       0       0       0       0       0       0       0       0       0       0       0
      Temps:          5       0       0       0       0       0       0       0       0       0       0       0       0       0       0       0       0
      Totals:         9       0       0       0       0       0       0       0       0       0       0       0       0       0       0       0       0
Total ram usage:        9 bytes
 Hardware stack levels used:    1
 Hardware stack levels required when called:    1
 This function calls:
		_putch
 This function is called by:
		_pad
		_vfpfcnvrt
		_fputs
 This function uses a non-reentrant model


 *************** function _putch *****************
 Defined at:
		line 7 in file "C:\Program Files\Microchip\xc8\v2.30\pic\sources\c99\common\putch.c"
 Parameters:    Size  Location     Type
  c               1    wreg     unsigned char 
 Auto vars:     Size  Location     Type
  c               1    0[COMRAM] unsigned char 
 Return value:  Size  Location     Type
                  1    wreg      void 
 Registers used:
		wreg
 Tracked objects:
		On entry : 
		On exit  : 
		Unchanged: 
 Data sizes:     COMRAM   BANK0   BANK1   BANK2   BANK3   BANK4   BANK5   BANK6   BANK7   BANK8   BANK9  BANK10  BANK11  BANK12  BANK13  BANK14  BANK15
      Params:         0       0       0       0       0       0       0       0       0       0       0       0       0       0       0       0       0
      Locals:         0       0       0       0       0       0       0       0       0       0       0       0       0       0       0       0       0
      Temps:          0       0       0       0       0       0       0       0       0       0       0       0       0       0       0       0       0
      Totals:         0       0       0       0       0       0       0       0       0       0       0       0       0       0       0       0       0
Total ram usage:        0 bytes
 Hardware stack levels used:    1
 This function calls:
		Nothing
 This function is called by:
		_fputc
 This function uses a non-reentrant model


 *************** function _abs *****************
 Defined at:
		line 1 in file "C:\Program Files\Microchip\xc8\v2.30\pic\sources\c99\common\abs.c"
 Parameters:    Size  Location     Type
  a               2   18[COMRAM] int 
 Auto vars:     Size  Location     Type
		None
 Return value:  Size  Location     Type
                  2   18[COMRAM] int 
 Registers used:
		wreg, status,2, status,0
 Tracked objects:
		On entry : 
		On exit  : 
		Unchanged: 
 Data sizes:     COMRAM   BANK0   BANK1   BANK2   BANK3   BANK4   BANK5   BANK6   BANK7   BANK8   BANK9  BANK10  BANK11  BANK12  BANK13  BANK14  BANK15
      Params:         2       0       0       0       0       0       0       0       0       0       0       0       0       0       0       0       0
      Locals:         0       0       0       0       0       0       0       0       0       0       0       0       0       0       0       0       0
      Temps:          2       0       0       0       0       0       0       0       0       0       0       0       0       0       0       0       0
      Totals:         4       0       0       0       0       0       0       0       0       0       0       0       0       0       0       0       0
Total ram usage:        4 bytes
 Hardware stack levels used:    1
 This function calls:
		Nothing
 This function is called by:
		_dtoa
 This function uses a non-reentrant model


 *************** function ___aomod *****************
 Defined at:
		line 9 in file "C:\Program Files\Microchip\xc8\v2.30\pic\sources\c99\common\aomod.c"
 Parameters:    Size  Location     Type
  dividend        8    0[COMRAM] long long 
  divisor         8    8[COMRAM] long long 
 Auto vars:     Size  Location     Type
  sign            1   17[COMRAM] unsigned char 
  counter         1   16[COMRAM] unsigned char 
 Return value:  Size  Location     Type
                  8    0[COMRAM] long long 
 Registers used:
		wreg, status,2, status,0
 Tracked objects:
		On entry : 
		On exit  : 
		Unchanged: 
 Data sizes:     COMRAM   BANK0   BANK1   BANK2   BANK3   BANK4   BANK5   BANK6   BANK7   BANK8   BANK9  BANK10  BANK11  BANK12  BANK13  BANK14  BANK15
      Params:        16       0       0       0       0       0       0       0       0       0       0       0       0       0       0       0       0
      Locals:         2       0       0       0       0       0       0       0       0       0       0       0       0       0       0       0       0
      Temps:          0       0       0       0       0       0       0       0       0       0       0       0       0       0       0       0       0
      Totals:        18       0       0       0       0       0       0       0       0       0       0       0       0       0       0       0       0
Total ram usage:       18 bytes
 Hardware stack levels used:    1
 This function calls:
		Nothing
 This function is called by:
		_dtoa
 This function uses a non-reentrant model


 *************** function ___aodiv *****************
 Defined at:
		line 9 in file "C:\Program Files\Microchip\xc8\v2.30\pic\sources\c99\common\aodiv.c"
 Parameters:    Size  Location     Type
  dividend        8    0[COMRAM] long long 
  divisor         8    8[COMRAM] long long 
 Auto vars:     Size  Location     Type
  quotient        8   18[COMRAM] long long 
  sign            1   17[COMRAM] unsigned char 
  counter         1   16[COMRAM] unsigned char 
 Return value:  Size  Location     Type
                  8    0[COMRAM] long long 
 Registers used:
		wreg, fsr2l, fsr2h, status,2, status,0
 Tracked objects:
		On entry : 
		On exit  : 
		Unchanged: 
 Data sizes:     COMRAM   BANK0   BANK1   BANK2   BANK3   BANK4   BANK5   BANK6   BANK7   BANK8   BANK9  BANK10  BANK11  BANK12  BANK13  BANK14  BANK15
      Params:        16       0       0       0       0       0       0       0       0       0       0       0       0       0       0       0       0
      Locals:        10       0       0       0       0       0       0       0       0       0       0       0       0       0       0       0       0
      Temps:          0       0       0       0       0       0       0       0       0       0       0       0       0       0       0       0       0
      Totals:        26       0       0       0       0       0       0       0       0       0       0       0       0       0       0       0       0
Total ram usage:       26 bytes
 Hardware stack levels used:    1
 This function calls:
		Nothing
 This function is called by:
		_dtoa
 This function uses a non-reentrant model


 *************** function _memset *****************
 Defined at:
		line 4 in file "C:\Program Files\Microchip\xc8\v2.30\pic\sources\c99\common\memset.c"
 Parameters:    Size  Location     Type
  dest            2    0[COMRAM] PTR void 
		 -> gsm_send_data_to_server@Heat(2), gsm_send_data_to_server@Gas(2), 
  c               2    2[COMRAM] int 
  n               2    4[COMRAM] unsigned int 
 Auto vars:     Size  Location     Type
  s               2   10[COMRAM] PTR unsigned char 
		 -> gsm_send_data_to_server@Heat(2), gsm_send_data_to_server@Gas(2), 
  k               2    8[COMRAM] unsigned int 
 Return value:  Size  Location     Type
                  2    0[COMRAM] PTR void 
 Registers used:
		wreg, fsr2l, fsr2h, status,2, status,0
 Tracked objects:
		On entry : 
		On exit  : 
		Unchanged: 
 Data sizes:     COMRAM   BANK0   BANK1   BANK2   BANK3   BANK4   BANK5   BANK6   BANK7   BANK8   BANK9  BANK10  BANK11  BANK12  BANK13  BANK14  BANK15
      Params:         6       0       0       0       0       0       0       0       0       0       0       0       0       0       0       0       0
      Locals:         4       0       0       0       0       0       0       0       0       0       0       0       0       0       0       0       0
      Temps:          2       0       0       0       0       0       0       0       0       0       0       0       0       0       0       0       0
      Totals:        12       0       0       0       0       0       0       0       0       0       0       0       0       0       0       0       0
Total ram usage:       12 bytes
 Hardware stack levels used:    1
 This function calls:
		Nothing
 This function is called by:
		_convert_uint8_to_string
		_convert_uint32_to_string
		_convert_uint16_to_string
 This function uses a non-reentrant model


 *************** function _EUSART_ASYNC_WriteStringBlocking *****************
 Defined at:
		line 154 in file "MCAL_LAYER/USART/hal_USART.c"
 Parameters:    Size  Location     Type
  _data           2    2[COMRAM] PTR unsigned char 
		 -> STR_27(3), gsm_send_data_to_server@Heat(2), STR_26(2), gsm_send_data_to_server@Gas(2), 
		 -> STR_25(70), STR_24(16), STR_23(39), STR_22(11), 
		 -> STR_21(11), STR_20(29), STR_19(14), STR_18(15), 
		 -> STR_17(12), STR_16(11), STR_15(5), STR_14(18), 
		 -> STR_13(11), STR_12(11), STR_11(9), STR_10(11), 
		 -> STR_9(5), STR_8(2), STR_7(10), STR_6(25), 
		 -> STR_5(12), STR_4(5), 
  str_len         2    4[COMRAM] unsigned short 
 Auto vars:     Size  Location     Type
  count_str       2    6[COMRAM] unsigned short 
  ret             1    8[COMRAM] unsigned char 
 Return value:  Size  Location     Type
                  1    wreg      unsigned char 
 Registers used:
		wreg, fsr0l, fsr0h, status,2, status,0, tblptrl, tblptrh, tblptru, cstack
 Tracked objects:
		On entry : 
		On exit  : 
		Unchanged: 
 Data sizes:     COMRAM   BANK0   BANK1   BANK2   BANK3   BANK4   BANK5   BANK6   BANK7   BANK8   BANK9  BANK10  BANK11  BANK12  BANK13  BANK14  BANK15
      Params:         4       0       0       0       0       0       0       0       0       0       0       0       0       0       0       0       0
      Locals:         3       0       0       0       0       0       0       0       0       0       0       0       0       0       0       0       0
      Temps:          0       0       0       0       0       0       0       0       0       0       0       0       0       0       0       0       0
      Totals:         7       0       0       0       0       0       0       0       0       0       0       0       0       0       0       0       0
Total ram usage:        7 bytes
 Hardware stack levels used:    1
 Hardware stack levels required when called:    1
 This function calls:
		_EUSART_ASYNC_WriteByteBlocking
 This function is called by:
		_gsm_send_data_to_server
		_gsm_send_message
		_gsm_make_call
 This function uses a non-reentrant model


 *************** function _EUSART_ASYNC_WriteByteBlocking *****************
 Defined at:
		line 114 in file "MCAL_LAYER/USART/hal_USART.c"
 Parameters:    Size  Location     Type
  _data           1    wreg     unsigned char 
 Auto vars:     Size  Location     Type
  _data           1    1[COMRAM] unsigned char 
  ret             1    0        unsigned char 
 Return value:  Size  Location     Type
                  1    wreg      unsigned char 
 Registers used:
		wreg, status,2
 Tracked objects:
		On entry : 
		On exit  : 
		Unchanged: 
 Data sizes:     COMRAM   BANK0   BANK1   BANK2   BANK3   BANK4   BANK5   BANK6   BANK7   BANK8   BANK9  BANK10  BANK11  BANK12  BANK13  BANK14  BANK15
      Params:         0       0       0       0       0       0       0       0       0       0       0       0       0       0       0       0       0
      Locals:         2       0       0       0       0       0       0       0       0       0       0       0       0       0       0       0       0
      Temps:          0       0       0       0       0       0       0       0       0       0       0       0       0       0       0       0       0
      Totals:         2       0       0       0       0       0       0       0       0       0       0       0       0       0       0       0       0
Total ram usage:        2 bytes
 Hardware stack levels used:    1
 This function calls:
		Nothing
 This function is called by:
		_EUSART_ASYNC_WriteStringBlocking
 This function uses a non-reentrant model


 *************** function _ADC_Get_Conversion_Resulst *****************
 Defined at:
		line 184 in file "MCAL_LAYER/ADC/hal_adc.c"
 Parameters:    Size  Location     Type
  _adc            2    0[COMRAM] PTR const struct .
		 -> adc_2(7), adc_1(7), 
  conversion_r    2    2[COMRAM] PTR unsigned short 
		 -> adc_heat(2), adc_gas(2), 
 Auto vars:     Size  Location     Type
  ret             1    7[COMRAM] unsigned char 
 Return value:  Size  Location     Type
                  1    wreg      unsigned char 
 Registers used:
		wreg, fsr2l, fsr2h, status,2, status,0
 Tracked objects:
		On entry : 
		On exit  : 
		Unchanged: 
 Data sizes:     COMRAM   BANK0   BANK1   BANK2   BANK3   BANK4   BANK5   BANK6   BANK7   BANK8   BANK9  BANK10  BANK11  BANK12  BANK13  BANK14  BANK15
      Params:         4       0       0       0       0       0       0       0       0       0       0       0       0       0       0       0       0
      Locals:         1       0       0       0       0       0       0       0       0       0       0       0       0       0       0       0       0
      Temps:          3       0       0       0       0       0       0       0       0       0       0       0       0       0       0       0       0
      Totals:         8       0       0       0       0       0       0       0       0       0       0       0       0       0       0       0       0
Total ram usage:        8 bytes
 Hardware stack levels used:    1
 This function calls:
		Nothing
 This function is called by:
		_ADC_DEFAULT_INTERRUPT_HANDLER
		_ADC_Get_Conversion_Blocking
 This function uses a non-reentrant model



MODULE INFORMATION

Module		Function		Class		Link	Load	Size
C:\Program Files\Microchip\xc8\v2.30\pic\sources\c99\common\aomod.c
		___aomod       		CODE           	192E	0000	356

C:\Program Files\Microchip\xc8\v2.30\pic\sources\c99\common\aomod.c estimated size: 356

C:\Program Files\Microchip\xc8\v2.30\pic\sources\c99\common\sprcdiv.c
		___fldiv       		CODE           	09EE	0000	924

C:\Program Files\Microchip\xc8\v2.30\pic\sources\c99\common\sprcdiv.c estimated size: 924

C:\Program Files\Microchip\xc8\v2.30\pic\sources\c99\common\abs.c
		_abs           		CODE           	2B7C	0000	64

C:\Program Files\Microchip\xc8\v2.30\pic\sources\c99\common\abs.c estimated size: 64

C:\Program Files\Microchip\xc8\v2.30\pic\sources\c99\common\doprnt.c
		_vfpfcnvrt     		CODE           	12BA	0000	446
		_pad           		CODE           	23D6	0000	194
		_dtoa          		CODE           	0D8A	0000	736
		_vfprintf      		CODE           	280C	0000	100

C:\Program Files\Microchip\xc8\v2.30\pic\sources\c99\common\doprnt.c estimated size: 1476

C:\Program Files\Microchip\xc8\v2.30\pic\sources\c99\common\putch.c
		_putch         		CODE           	2DA0	0000	2

C:\Program Files\Microchip\xc8\v2.30\pic\sources\c99\common\putch.c estimated size: 2

C:\Program Files\Microchip\xc8\v2.30\pic\sources\c99\common\nf_fputs.c
		_fputs         		CODE           	2B38	0000	68

C:\Program Files\Microchip\xc8\v2.30\pic\sources\c99\common\nf_fputs.c estimated size: 68

MCAL_LAYER/Mcal_init.c
		_mcal_layer_initialize		CODE           	2CF0	0000	44

MCAL_LAYER/Mcal_init.c estimated size: 44

MCAL_LAYER/ADC/hal_adc.c
		_ADC_Start_Conversion		CODE           	2D48	0000	38
		_ADC_Select_Channel		CODE           	2BBC	0000	62
		_adc_input_channel_port_configure		CODE           	260C	0000	178
		_ADC_Get_Conversion_Resulst		CODE           	230C	0000	202
		_ADC_Start_Conversion_Interrupt		CODE           	2AF4	0000	68
		_select_voltage_refrence		CODE           	2A1A	0000	76
		_ADC_ISR       		CODE           	2C60	0000	48
		_ADC_Init      		CODE           	2498	0000	192
		_select_result_format		CODE           	2AAE	0000	70

MCAL_LAYER/ADC/hal_adc.c estimated size: 934

ECU_LAYER/LED/led.c
		_led_init      		CODE           	2C30	0000	48
		_led_off       		CODE           	2CC0	0000	48
		_led_on        		CODE           	2C90	0000	48

ECU_LAYER/LED/led.c estimated size: 144

MCAL_LAYER/GPIO/hal_gpio.c
		_gpio_pin_write_logic		CODE           	1D12	0000	306
		_gpio_pin_direction_initialize		CODE           	1A92	0000	330
		_gpio_pin_initialize		CODE           	26BE	0000	114

MCAL_LAYER/GPIO/hal_gpio.c estimated size: 750

C:\Program Files\Microchip\xc8\v2.30\pic\sources\c99\common\aodiv.c
		___aodiv       		CODE           	1630	0000	392

C:\Program Files\Microchip\xc8\v2.30\pic\sources\c99\common\aodiv.c estimated size: 392

ECU_LAYER/ecu_init.c
		_ecu_layer_initialize		CODE           	2D1C	0000	44

ECU_LAYER/ecu_init.c estimated size: 44

C:\Program Files\Microchip\xc8\v2.30\pic\sources\c99\common\sprcadd.c
		___fladd       		CODE           	052C	0000	1218

C:\Program Files\Microchip\xc8\v2.30\pic\sources\c99\common\sprcadd.c estimated size: 1218

MCAL_LAYER/Interrupt/mcal_external_interrupt.c
		_INT0_ISR      		CODE           	2D9C	0000	2
		_INT1_ISR      		CODE           	2D9A	0000	2
		_INT2_ISR      		CODE           	2D98	0000	2

MCAL_LAYER/Interrupt/mcal_external_interrupt.c estimated size: 6

project.c
		_main          		CODE           	2870	0000	92
		_project_initialize		CODE           	2D86	0000	10
		_ADC_DEFAULT_INTERRUPT_HANDLER		CODE           	2078	0000	238

project.c estimated size: 340

C:\Program Files\Microchip\xc8\v2.30\pic\sources\c99\common\fltol.c
		___fltol       		CODE           	1F70	0000	264

C:\Program Files\Microchip\xc8\v2.30\pic\sources\c99\common\fltol.c estimated size: 264

C:\Program Files\Microchip\xc8\v2.30\pic\sources\c99\common\xxtofl.c
		___xxtofl      		CODE           	1478	0000	440

C:\Program Files\Microchip\xc8\v2.30\pic\sources\c99\common\xxtofl.c estimated size: 440

MCAL_LAYER/Interrupt/mcal_interrupt_manager.c
		_Interrupt_manager_high		CODE           	0008	0000	316

MCAL_LAYER/Interrupt/mcal_interrupt_manager.c estimated size: 316

shared
		__initialization		CODE           	27A2	0000	96
		i2_gpio_pin_write_logic		CODE           	1E44	0000	300

shared estimated size: 396

C:\Program Files\Microchip\xc8\v2.30\pic\sources\c99\common\nf_fputc.c
		_fputc         		CODE           	2242	0000	202

C:\Program Files\Microchip\xc8\v2.30\pic\sources\c99\common\nf_fputc.c estimated size: 202

C:\Program Files\Microchip\xc8\v2.30\pic\sources\c99\common\strlen.c
		_strlen        		CODE           	2BFA	0000	54

C:\Program Files\Microchip\xc8\v2.30\pic\sources\c99\common\strlen.c estimated size: 54

ECU_LAYER/character_lcd/ecu_character_lcd.c
		_convert_uint32_to_string		CODE           	2926	0000	90
		_convert_uint8_to_string		CODE           	28CC	0000	90

ECU_LAYER/character_lcd/ecu_character_lcd.c estimated size: 180

C:\Program Files\Microchip\xc8\v2.30\pic\sources\c99\common\memset.c
		_memset        		CODE           	17B8	0000	374

C:\Program Files\Microchip\xc8\v2.30\pic\sources\c99\common\memset.c estimated size: 374

ECU_LAYER/gsm.c
		_gsm_send_data_to_server		CODE           	106A	0000	592

ECU_LAYER/gsm.c estimated size: 592

C:\Program Files\Microchip\xc8\v2.30\pic\sources\c99\common\nf_sprintf.c
		_sprintf       		CODE           	2980	0000	78

C:\Program Files\Microchip\xc8\v2.30\pic\sources\c99\common\nf_sprintf.c estimated size: 78

MCAL_LAYER/USART/hal_USART.c
		_EUSART_RX_ISR 		CODE           	2D9E	0000	2
		_EUSART_TX_ISR 		CODE           	2D90	0000	4
		_EUSART_ASYNC_WriteByteBlocking		CODE           	2D6E	0000	24
		_EUSART_ASYNC_Init		CODE           	2A66	0000	72
		_EUSART_ASYNC_WriteStringBlocking		CODE           	2730	0000	114
		_EUSART_Baud_Rate_Calculation		CODE           	0012	0000	1306
		_EUSART_ASYNC_RX_INIT		CODE           	2166	0000	220
		_EUSART_ASYNC_TX_INIT		CODE           	2558	0000	180

MCAL_LAYER/USART/hal_USART.c estimated size: 1922

